[INFO 2026-06-13 00:00:00]  
    Pre-Release
    Version name: "Alpha 26.1.0.061300A",   Version tag: 0.1.0
[INFO 2026-06-28 11:30:00]  
    Pre-Release
    Version name: "Alpha 26.1.0.062800A",   Version tag: 0.1.1
    New Features:
        - [FIX] Fixed an issue where directories in Todo were mistakenly used in Linux format (instead of Windows x64);
        - [ADD] Added the 'Done' function in Todo and modified the presentation of the 'List' to adapt to the new 'Done' function.
[INFO 2026-07-14 11:32:00]
    Pre-Release
    Version name: "Alpha 26.1.0.071400A",   Version tag: 0.2.0
    New Features:
        - [FIX] Removed useless beep music;
        - [ADD] Added icon and more informations when compiling;
        - [ADD] Added Interactive Mode when argument count is less than 2, you can run commands more directly in Interactive Mode.
[INFO 2026-07-14 16:15:00]
    Pre-Release
    Version name: "Alpha 26.1.0.071401A",   Version tag: 0.2.1
    New Features:
        - [ADD] Added update function, and drank a cup of happy coffee.
[INFO 2026-07-15 12:00:00]
    Pre-Release
    Version name: "Alpha 26.1.0.071500A",   Version tag: 0.3.0
    New Features:
        - [FIX] Removed BMI and case converting function;
        - [ADD] Added time formatting output function, which is allowed to fetch time from the Internet.
[INFO 2026-07-15 13:30:00]
    Pre-Release
    Version name: "Alpha 26.1.0.071501A",   Version tag: 0.3.1
    New Features:
        - [ADD] Added a new update mirror site and petted a cat vigorously.
[INFO 2026-07-30 11:00:00]
    Pre-Release
    Version name: "Alpha 26.1.0.073000A",   Version tag: 0.4.0
    New Features:
        - [FIX] Removed useless update log fetching;
        - [ADD] Added JSON processing.
[INFO 2026-07-30 13:00:00]
    Pre-Release
    Version name: "Alpha 26.1.0.073000B",   Version tag: 0.4.1
    New Features:
        - [FIX] Fixed two issues of spelling.
[INFO 2026-07-30 19:15:00]
    Pre-Release
    Version name: "Alpha 26.1.0.073001A",   Version tag: 0.4.2
    New Features:
        - [FIX] Fixed the issue that user cannot use json file command with argument of "--spacenum=?" before the file path.